2025-09-09 20:57:17 - [0;34mℹ️  🏍️ Starting NPSP Financial Dashboard Migration for CVMA[0m
2025-09-09 20:57:17 - [0;34mℹ️  User Story #17: Replace Custom Financial Dashboards with NPSP Reports[0m
2025-09-09 20:57:17 - [0;34mℹ️  Checking NPSP installation status...[0m
2025-09-09 20:57:17 - [0;32m✅ NPSP package is installed and configured[0m
2025-09-09 20:57:17 - [0;34mℹ️  Creating backup of current financial components...[0m
2025-09-09 20:57:18 - [0;32m✅ Backed up CVMAFinancialController[0m
2025-09-09 20:57:18 - [0;32m✅ Backed up cvmaFinancialDashboard LWC[0m
2025-09-09 20:57:18 - [0;32m✅ Backed up cvmaPaymentTracking LWC[0m
2025-09-09 20:57:18 - [0;32m✅ Backed up CVMATreasury dashboard folder[0m
2025-09-09 20:57:18 - [0;32m✅ Backup completed in: /c/Users/zerov/IdeaProjects/cvma/backups/financial-components-20250909-205717[0m
2025-09-09 20:57:18 - [0;34mℹ️  Creating NPSP financial reports folder structure...[0m
2025-09-09 20:57:18 - [0;32m✅ Created NPSP reports folder structure[0m
2025-09-09 20:57:18 - [0;34mℹ️  Creating CVMA-specific NPSP dashboard...[0m
2025-09-09 20:57:19 - [0;32m✅ Created CVMA NPSP Treasury dashboard folder[0m
2025-09-09 20:57:19 - [0;34mℹ️  Configuring NPSP reports for CVMA requirements...[0m
2025-09-09 20:57:19 - [1;33m⚠️  NPSP report configuration requires manual setup in Salesforce UI[0m
2025-09-09 20:57:19 - [0;34mℹ️  Following reports need to be configured:[0m
2025-09-09 20:57:19 - [0;34mℹ️    1. Opportunities by Contact (filtered for dues)[0m
2025-09-09 20:57:19 - [0;34mℹ️    2. Payment History by Contact Level[0m
2025-09-09 20:57:19 - [0;34mℹ️    3. Monthly Giving Trends[0m
2025-09-09 20:57:19 - [0;34mℹ️    4. Outstanding Pledges Report[0m
2025-09-09 20:57:19 - [0;34mℹ️    5. Payment Method Performance[0m
2025-09-09 20:57:20 - [0;32m✅ Created NPSP configuration documentation[0m
2025-09-09 20:57:20 - [0;34mℹ️  Creating simplified controller for CVMA-specific business logic...[0m
2025-09-09 20:57:20 - [0;32m✅ Created simplified financial controller (200 lines vs 935 lines - 78% reduction)[0m
2025-09-09 20:57:20 - [0;34mℹ️  Creating migration documentation...[0m
2025-09-09 20:57:20 - [0;32m✅ Created migration documentation[0m
2025-09-09 20:57:20 - [0;34mℹ️  Updating GitHub issue #21...[0m
2025-09-09 20:57:21 - [0;32m✅ Created GitHub update script[0m
2025-09-09 20:57:21 - [0;32m✅ 🎯 NPSP Financial Dashboard Migration Phase 1 COMPLETED![0m
2025-09-09 20:57:21 - [0;34mℹ️  [0m
2025-09-09 20:57:21 - [0;34mℹ️  📋 Next Steps (Manual Configuration Required):[0m
2025-09-09 20:57:21 - [0;34mℹ️  1. Open Salesforce org and navigate to Reports[0m
2025-09-09 20:57:21 - [0;34mℹ️  2. Install NPSP Reports & Dashboards from AppExchange (if not done)[0m
2025-09-09 20:57:21 - [0;34mℹ️  3. Follow configuration steps in: NPSP-Reports-Configuration-Steps.md[0m
2025-09-09 20:57:21 - [0;34mℹ️  4. Set up treasurer dashboard with NPSP components[0m
2025-09-09 20:57:21 - [0;34mℹ️  5. Test payment processing with simplified controller[0m
2025-09-09 20:57:21 - [0;34mℹ️  [0m
2025-09-09 20:57:21 - [1;33m⚠️  ⚠️  Manual NPSP configuration required to complete migration[0m
2025-09-09 20:57:22 - [0;34mℹ️  📁 Configuration guide: /c/Users/zerov/IdeaProjects/cvma/NPSP-Reports-Configuration-Steps.md[0m
2025-09-09 20:57:22 - [0;34mℹ️  📁 Migration summary: /c/Users/zerov/IdeaProjects/cvma/NPSP-Financial-Migration-Summary.md[0m
2025-09-09 20:57:22 - [0;34mℹ️  📁 Component backups: /c/Users/zerov/IdeaProjects/cvma/backups/financial-components-20250909-205717[0m
