2025-09-09 21:36:31 - [0;34mℹ️  🏍️ Starting RSVP to Campaign Member Migration Preparation[0m
2025-09-09 21:36:31 - [0;34mℹ️  User Story #15: Migrate RSVP System from Custom Object to Campaign Members[0m
2025-09-09 21:36:31 - [0;34mℹ️  Creating backup of current RSVP components...[0m
2025-09-09 21:36:32 - [0;32m✅ Backed up CVMAEventRSVPController[0m
2025-09-09 21:36:32 - [0;32m✅ Backed up CVMAEventRSVPControllerTest[0m
2025-09-09 21:36:32 - [0;32m✅ Backed up cvmaEventRSVP LWC[0m
2025-09-09 21:36:32 - [0;32m✅ Backed up cvmaEventAttendeeList LWC[0m
2025-09-09 21:36:32 - [0;32m✅ Backed up CVMA_Event_RSVP__c object definition[0m
2025-09-09 21:36:32 - [0;32m✅ Backup completed in: /c/Users/zerov/IdeaProjects/cvma/backups/rsvp-components-20250909-213631[0m
2025-09-09 21:36:32 - [0;34mℹ️  Creating Campaign Member Status setup documentation...[0m
2025-09-09 21:36:32 - [0;32m✅ Created Campaign Member Status setup documentation[0m
2025-09-09 21:36:32 - [0;34mℹ️  Creating RSVP migration utility...[0m
2025-09-09 21:36:33 - [0;32m✅ Created RSVP migration utility class[0m
2025-09-09 21:36:33 - [0;34mℹ️  Creating migration utility test class...[0m
2025-09-09 21:36:33 - [0;32m✅ Created migration utility test class[0m
2025-09-09 21:36:33 - [0;34mℹ️  Creating GitHub issue update script...[0m
2025-09-09 21:36:33 - [0;32m✅ Created GitHub update script[0m
2025-09-09 21:36:33 - [0;34mℹ️  Creating comprehensive migration documentation...[0m
2025-09-09 21:36:33 - [0;32m✅ Created comprehensive migration documentation[0m
2025-09-09 21:36:33 - [0;32m✅ 🎯 RSVP Migration Preparation COMPLETED![0m
2025-09-09 21:36:34 - [0;34mℹ️  [0m
2025-09-09 21:36:34 - [0;34mℹ️  📋 Next Steps (Manual Configuration Required):[0m
2025-09-09 21:36:34 - [0;34mℹ️  1. Open Salesforce org and configure Campaign Member Status values[0m
2025-09-09 21:36:34 - [0;34mℹ️  2. Create custom fields on Campaign Member object[0m
2025-09-09 21:36:34 - [0;34mℹ️  3. Update permission sets and page layouts[0m
2025-09-09 21:36:34 - [0;34mℹ️  4. Test migration utility with dry run[0m
2025-09-09 21:36:34 - [0;34mℹ️  5. Execute actual migration after validation[0m
2025-09-09 21:36:34 - [0;34mℹ️  [0m
2025-09-09 21:36:34 - [1;33m⚠️  ⚠️  Manual Salesforce configuration required before migration execution[0m
2025-09-09 21:36:34 - [0;34mℹ️  📁 Setup guide: /c/Users/zerov/IdeaProjects/cvma/Campaign-Member-Status-Setup.md[0m
2025-09-09 21:36:35 - [0;34mℹ️  📁 Implementation guide: /c/Users/zerov/IdeaProjects/cvma/RSVP-Migration-Implementation-Guide.md[0m
2025-09-09 21:36:35 - [0;34mℹ️  📁 Component backups: /c/Users/zerov/IdeaProjects/cvma/backups/rsvp-components-20250909-213631[0m
